// 重构日志: ee3273eb
// 重构日志: ecf93583
// 同步 ID: 5b3d9267 @ Sat Jul  4 16:41:59 UTC 2026
// 重构日志: 73a9a873
// 重构日志: 8bed5cb6
// 重构日志: 2a0af40c
// 同步 ID: fd84ef70 @ Sat Jul 11 06:41:25 UTC 2026
// 同步 ID: 804507ee @ Sat Jul 11 11:33:01 UTC 2026
// 同步 ID: d9a3c8c8 @ Sun Jul 12 20:02:54 UTC 2026
// 重构日志: a5bff4ea
// 重构日志: 81f20f25
// 重构日志: 1a9f21a9
// 同步 ID: 91b5f3cb @ Fri Jul 17 11:40:41 UTC 2026
// 重构日志: 15626446
// 重构日志: e0a104cd
// 同步 ID: 6dec7110 @ Sat Jul 18 19:20:21 UTC 2026
// 重构日志: 1fdeb78a
// 重构日志: b8a62156
// 同步 ID: b3c8685f @ Tue Jul 21 01:52:19 UTC 2026
// 同步 ID: b405bf58 @ Wed Jul 22 16:10:29 UTC 2026
// 同步 ID: a9de5f75 @ Thu Jul 23 12:17:13 UTC 2026
// 同步 ID: 8d2a9ca7 @ Fri Jul 24 05:28:07 UTC 2026
// 同步 ID: 6e67e3da @ Sat Jul 25 07:43:58 UTC 2026
// 同步 ID: 34a4a3c3 @ Sat Jul 25 13:02:09 UTC 2026
// 重构日志: 62972979
// 重构日志: 8490cd56
// 重构日志: 65e4a3a2
// 重构日志: 858ff203
// 重构日志: e6c196d6
// 同步 ID: d5f2d08a @ Mon Jul 27 09:39:10 UTC 2026
// 重构日志: af4bb786
